FM_TEST_BEGIN 2026-09-07T17:01:25Z tests/fm-board-session.test.sh family=pure-contract-unit expected_gate_skip=none
ok - every state/board-session.json case in the shared fixture is produced exactly
ok - an entry whose recorded start time matches the live pid is published
ok - a corpse entry for a recycled pid is refused and leaves the standing record intact
ok - an entry recorded in this machine's own pid domain is published
ok - an entry recorded in another machine's pid domain is refused as stale
ok - an entry carrying a pid domain still publishes when the machine id cannot be read
ok - an entry holding non-ASCII text is published under the C locale and under the suite's own
ok - an entry holding a control character is refused and leaves the standing record intact
ok - an entry whose pid is gone is refused
ok - a running named session process is preferred, and a dead one falls back to the lock's pid
ok - a dead or non-numeric CLAUDE_PID with no entry for the lock's pid publishes nothing
ok - a dead CLAUDE_PID with a live entry for the lock's pid publishes that entry's id, never the environment's
ok - an absent CLAUDE_PID leaves the environment route open, with the lock's pid
ok - a session with no registry entry is refused and says where it looked
ok - the record is owner-only and replaced by rename, leaving no staging file
ok - the registry directory resolves from CLAUDE_CONFIG_DIR
FM_TEST_END 2026-09-07T17:01:26Z tests/fm-board-session.test.sh exit=0 duration_ms=1464 gate_skip=false
FM_TEST_SUMMARY total=1 failed=0 skipped_gate=0 duration_ms=1533
FM_TEST_SUMMARY_FAMILY family=pure-contract-unit count=1 duration_ms=1464 failed=0
FM_TEST_SLOWEST rank=1 script=tests/fm-board-session.test.sh duration_ms=1464
